// Jest Snapshot v1, https://goo.gl/fbAQLP

exports[`<Main /> should render te heading 1`] = `
<main>
  <h1>
    meu primeiro teste!
  </h1>
</main>
`;
